[generate-v2] project_root=/scratch/work/yangs9/ChatTS
[generate-v2] config=config/pamap2_sdforger_gemma2_2b_5class_v2.yaml
[generate-v2] model=outputs/checkpoints/gemma_5class_v2/best
[generate-v2] output=outputs/generated/gemma_5class_v2
[generate-v2] python=/scratch/work/yangs9/ChatTS/.conda-env/bin/python
Sun May  3 13:37:44 2026       
+-----------------------------------------------------------------------------------------+
| NVIDIA-SMI 580.126.20             Driver Version: 580.126.20     CUDA Version: 13.0     |
+-----------------------------------------+------------------------+----------------------+
| GPU  Name                 Persistence-M | Bus-Id          Disp.A | Volatile Uncorr. ECC |
| Fan  Temp   Perf          Pwr:Usage/Cap |           Memory-Usage | GPU-Util  Compute M. |
|                                         |                        |               MIG M. |
|=========================================+========================+======================|
|   0  Tesla V100-SXM2-16GB           On  |   00000000:85:00.0 Off |                    0 |
| N/A   34C    P0             43W /  300W |       0MiB /  16384MiB |      0%      Default |
|                                         |                        |                  N/A |
+-----------------------------------------+------------------------+----------------------+

+-----------------------------------------------------------------------------------------+
| Processes:                                                                              |
|  GPU   GI   CI              PID   Type   Process name                        GPU Memory |
|        ID   ID                                                               Usage      |
|=========================================================================================|
|  No running processes found                                                             |
+-----------------------------------------------------------------------------------------+
