Traceback (most recent call last):
  File "/scratch/work/yangs9/ChatTS/.conda-env/lib/python3.11/site-packages/huggingface_hub/utils/_http.py", line 403, in hf_raise_for_status
    response.raise_for_status()
  File "/scratch/work/yangs9/ChatTS/.conda-env/lib/python3.11/site-packages/requests/models.py", line 1028, in raise_for_status
    raise HTTPError(http_error_msg, response=self)
requests.exceptions.HTTPError: 401 Client Error: Unauthorized for url: https://huggingface.co/google/gemma-2-2b/resolve/main/config.json

The above exception was the direct cause of the following exception:

Traceback (most recent call last):
  File "/scratch/work/yangs9/ChatTS/.conda-env/lib/python3.11/site-packages/transformers/utils/hub.py", line 470, in cached_files
    hf_hub_download(
  File "/scratch/work/yangs9/ChatTS/.conda-env/lib/python3.11/site-packages/huggingface_hub/utils/_validators.py", line 114, in _inner_fn
    return fn(*args, **kwargs)
           ^^^^^^^^^^^^^^^^^^^
  File "/scratch/work/yangs9/ChatTS/.conda-env/lib/python3.11/site-packages/huggingface_hub/file_download.py", line 1014, in hf_hub_download
    return _hf_hub_download_to_cache_dir(
           ^^^^^^^^^^^^^^^^^^^^^^^^^^^^^^
  File "/scratch/work/yangs9/ChatTS/.conda-env/lib/python3.11/site-packages/huggingface_hub/file_download.py", line 1121, in _hf_hub_download_to_cache_dir
    _raise_on_head_call_error(head_call_error, force_download, local_files_only)
  File "/scratch/work/yangs9/ChatTS/.conda-env/lib/python3.11/site-packages/huggingface_hub/file_download.py", line 1662, in _raise_on_head_call_error
    raise head_call_error
  File "/scratch/work/yangs9/ChatTS/.conda-env/lib/python3.11/site-packages/huggingface_hub/file_download.py", line 1550, in _get_metadata_or_catch_error
    metadata = get_hf_file_metadata(
               ^^^^^^^^^^^^^^^^^^^^^
  File "/scratch/work/yangs9/ChatTS/.conda-env/lib/python3.11/site-packages/huggingface_hub/utils/_validators.py", line 114, in _inner_fn
    return fn(*args, **kwargs)
           ^^^^^^^^^^^^^^^^^^^
  File "/scratch/work/yangs9/ChatTS/.conda-env/lib/python3.11/site-packages/huggingface_hub/file_download.py", line 1467, in get_hf_file_metadata
    r = _request_wrapper(
        ^^^^^^^^^^^^^^^^^
  File "/scratch/work/yangs9/ChatTS/.conda-env/lib/python3.11/site-packages/huggingface_hub/file_download.py", line 283, in _request_wrapper
    response = _request_wrapper(
               ^^^^^^^^^^^^^^^^^
  File "/scratch/work/yangs9/ChatTS/.conda-env/lib/python3.11/site-packages/huggingface_hub/file_download.py", line 307, in _request_wrapper
    hf_raise_for_status(response)
  File "/scratch/work/yangs9/ChatTS/.conda-env/lib/python3.11/site-packages/huggingface_hub/utils/_http.py", line 420, in hf_raise_for_status
    raise _format(GatedRepoError, message, response) from e
huggingface_hub.errors.GatedRepoError: 401 Client Error. (Request ID: Root=1-69e53402-3fe8728122c48a5166ff5124;c84defec-fd04-41ca-b0c7-1859726b86ab)

Cannot access gated repo for url https://huggingface.co/google/gemma-2-2b/resolve/main/config.json.
Access to model google/gemma-2-2b is restricted. You must have access to it and be authenticated to access it. Please log in.

The above exception was the direct cause of the following exception:

Traceback (most recent call last):
  File "/scratch/work/yangs9/ChatTS/scripts/train_pamap2_lm.py", line 32, in <module>
    main()
  File "/scratch/work/yangs9/ChatTS/scripts/train_pamap2_lm.py", line 23, in main
    best_path = train_language_model(
                ^^^^^^^^^^^^^^^^^^^^^
  File "/scratch/work/yangs9/ChatTS/pamap2_forger/trainer.py", line 113, in train_language_model
    model, tokenizer = resolve_tokenizer_and_model(config)
                       ^^^^^^^^^^^^^^^^^^^^^^^^^^^^^^^^^^^
  File "/scratch/work/yangs9/ChatTS/pamap2_forger/trainer.py", line 32, in resolve_tokenizer_and_model
    tokenizer = AutoTokenizer.from_pretrained(config.model_id_or_path, trust_remote_code=True)
                ^^^^^^^^^^^^^^^^^^^^^^^^^^^^^^^^^^^^^^^^^^^^^^^^^^^^^^^^^^^^^^^^^^^^^^^^^^^^^^
  File "/scratch/work/yangs9/ChatTS/.conda-env/lib/python3.11/site-packages/transformers/models/auto/tokenization_auto.py", line 970, in from_pretrained
    config = AutoConfig.from_pretrained(
             ^^^^^^^^^^^^^^^^^^^^^^^^^^^
  File "/scratch/work/yangs9/ChatTS/.conda-env/lib/python3.11/site-packages/transformers/models/auto/configuration_auto.py", line 1153, in from_pretrained
    config_dict, unused_kwargs = PretrainedConfig.get_config_dict(pretrained_model_name_or_path, **kwargs)
                                 ^^^^^^^^^^^^^^^^^^^^^^^^^^^^^^^^^^^^^^^^^^^^^^^^^^^^^^^^^^^^^^^^^^^^^^^^^
  File "/scratch/work/yangs9/ChatTS/.conda-env/lib/python3.11/site-packages/transformers/configuration_utils.py", line 595, in get_config_dict
    config_dict, kwargs = cls._get_config_dict(pretrained_model_name_or_path, **kwargs)
                          ^^^^^^^^^^^^^^^^^^^^^^^^^^^^^^^^^^^^^^^^^^^^^^^^^^^^^^^^^^^^^
  File "/scratch/work/yangs9/ChatTS/.conda-env/lib/python3.11/site-packages/transformers/configuration_utils.py", line 654, in _get_config_dict
    resolved_config_file = cached_file(
                           ^^^^^^^^^^^^
  File "/scratch/work/yangs9/ChatTS/.conda-env/lib/python3.11/site-packages/transformers/utils/hub.py", line 312, in cached_file
    file = cached_files(path_or_repo_id=path_or_repo_id, filenames=[filename], **kwargs)
           ^^^^^^^^^^^^^^^^^^^^^^^^^^^^^^^^^^^^^^^^^^^^^^^^^^^^^^^^^^^^^^^^^^^^^^^^^^^^^
  File "/scratch/work/yangs9/ChatTS/.conda-env/lib/python3.11/site-packages/transformers/utils/hub.py", line 533, in cached_files
    raise OSError(
OSError: You are trying to access a gated repo.
Make sure to have access to it at https://huggingface.co/google/gemma-2-2b.
401 Client Error. (Request ID: Root=1-69e53402-3fe8728122c48a5166ff5124;c84defec-fd04-41ca-b0c7-1859726b86ab)

Cannot access gated repo for url https://huggingface.co/google/gemma-2-2b/resolve/main/config.json.
Access to model google/gemma-2-2b is restricted. You must have access to it and be authenticated to access it. Please log in.
