Traceback (most recent call last):
  File "/scratch/work/yangs9/ChatTS/scripts/train_pamap2_lm.py", line 32, in <module>
    main()
  File "/scratch/work/yangs9/ChatTS/scripts/train_pamap2_lm.py", line 23, in main
    best_path = train_language_model(
                ^^^^^^^^^^^^^^^^^^^^^
  File "/scratch/work/yangs9/ChatTS/pamap2_forger/trainer.py", line 66, in train_language_model
    from transformers import (
  File "/scratch/work/yangs9/ChatTS/.conda-env/lib/python3.11/site-packages/transformers/utils/import_utils.py", line 2045, in __getattr__
    module = self._get_module(self._class_to_module[name])
             ^^^^^^^^^^^^^^^^^^^^^^^^^^^^^^^^^^^^^^^^^^^^^
  File "/scratch/work/yangs9/ChatTS/.conda-env/lib/python3.11/site-packages/transformers/utils/import_utils.py", line 2075, in _get_module
    raise e
  File "/scratch/work/yangs9/ChatTS/.conda-env/lib/python3.11/site-packages/transformers/utils/import_utils.py", line 2073, in _get_module
    return importlib.import_module("." + module_name, self.__name__)
           ^^^^^^^^^^^^^^^^^^^^^^^^^^^^^^^^^^^^^^^^^^^^^^^^^^^^^^^^^
  File "/scratch/work/yangs9/ChatTS/.conda-env/lib/python3.11/importlib/__init__.py", line 126, in import_module
    return _bootstrap._gcd_import(name[level:], package, level)
           ^^^^^^^^^^^^^^^^^^^^^^^^^^^^^^^^^^^^^^^^^^^^^^^^^^^^
  File "/scratch/work/yangs9/ChatTS/.conda-env/lib/python3.11/site-packages/transformers/data/__init__.py", line 28, in <module>
    from .metrics import glue_compute_metrics, xnli_compute_metrics
  File "/scratch/work/yangs9/ChatTS/.conda-env/lib/python3.11/site-packages/transformers/data/metrics/__init__.py", line 19, in <module>
    from scipy.stats import pearsonr, spearmanr
  File "/scratch/work/yangs9/ChatTS/.conda-env/lib/python3.11/site-packages/scipy/stats/__init__.py", line 628, in <module>
    from ._stats_py import *
  File "/scratch/work/yangs9/ChatTS/.conda-env/lib/python3.11/site-packages/scipy/stats/_stats_py.py", line 40, in <module>
    from scipy.spatial import distance_matrix
  File "/scratch/work/yangs9/ChatTS/.conda-env/lib/python3.11/site-packages/scipy/spatial/__init__.py", line 117, in <module>
    from ._geometric_slerp import geometric_slerp
  File "/scratch/work/yangs9/ChatTS/.conda-env/lib/python3.11/site-packages/scipy/spatial/_geometric_slerp.py", line 7, in <module>
    from scipy.spatial.distance import euclidean
  File "/scratch/work/yangs9/ChatTS/.conda-env/lib/python3.11/site-packages/scipy/spatial/distance.py", line 117, in <module>
    from . import _hausdorff, _distance_pybind, _distance_wrap
ImportError: /lib64/libstdc++.so.6: version `CXXABI_1.3.15' not found (required by /scratch/work/yangs9/ChatTS/.conda-env/lib/python3.11/site-packages/scipy/spatial/_distance_pybind.cpython-311-x86_64-linux-gnu.so)
Traceback (most recent call last):
  File "/scratch/work/yangs9/ChatTS/scripts/run_gpt2_smoke_test.py", line 110, in <module>
    main()
  File "/scratch/work/yangs9/ChatTS/scripts/run_gpt2_smoke_test.py", line 26, in main
    run_step([sys.executable, "scripts/train_pamap2_lm.py", "--config", config_path], "train_gpt2_smoke")
  File "/scratch/work/yangs9/ChatTS/scripts/run_gpt2_smoke_test.py", line 12, in run_step
    subprocess.run(command, cwd=PROJECT_ROOT, check=True)
  File "/scratch/work/yangs9/ChatTS/.conda-env/lib/python3.11/subprocess.py", line 571, in run
    raise CalledProcessError(retcode, process.args,
subprocess.CalledProcessError: Command '['/scratch/work/yangs9/ChatTS/.conda-env/bin/python', 'scripts/train_pamap2_lm.py', '--config', 'config/pamap2_sdforger_gpt2_smoke.yaml']' returned non-zero exit status 1.
srun: error: pe42: task 0: Exited with exit code 1
srun: Terminating StepId=17299115.0
