[generate] project_root=/scratch/work/yangs9/ChatTS
[generate] config=config/pamap2_sdforger_gpt2_5class.yaml
[generate] model=outputs/checkpoints/gpt2/best
[generate] output=outputs/generated/gpt2_5class
[generate] python=/scratch/work/yangs9/ChatTS/.conda-env/bin/python
Sat May  2 21:12:54 2026       
+-----------------------------------------------------------------------------------------+
| NVIDIA-SMI 580.126.20             Driver Version: 580.126.20     CUDA Version: 13.0     |
+-----------------------------------------+------------------------+----------------------+
| GPU  Name                 Persistence-M | Bus-Id          Disp.A | Volatile Uncorr. ECC |
| Fan  Temp   Perf          Pwr:Usage/Cap |           Memory-Usage | GPU-Util  Compute M. |
|                                         |                        |               MIG M. |
|=========================================+========================+======================|
|   0  Tesla V100-SXM2-16GB           On  |   00000000:0A:00.0 Off |                    0 |
| N/A   30C    P0             43W /  300W |       0MiB /  16384MiB |      0%      Default |
|                                         |                        |                  N/A |
+-----------------------------------------+------------------------+----------------------+

+-----------------------------------------------------------------------------------------+
| Processes:                                                                              |
|  GPU   GI   CI              PID   Type   Process name                        GPU Memory |
|        ID   ID                                                               Usage      |
|=========================================================================================|
|  No running processes found                                                             |
+-----------------------------------------------------------------------------------------+
{"num_generated": 856, "output_dir": "/scratch/work/yangs9/ChatTS/outputs/generated/gpt2_5class"}
