[generate-v2] project_root=/scratch/work/yangs9/ChatTS
[generate-v2] config=config/pamap2_sdforger_gpt2_5class_v2_hand.yaml
[generate-v2] model=outputs/checkpoints/gpt2_5class_v2_hand/best
[generate-v2] output=outputs/generated/gpt2_5class_v2_hand
[generate-v2] python=/scratch/work/yangs9/ChatTS/.conda-env/bin/python
Sat May  9 12:33:34 2026       
+-----------------------------------------------------------------------------------------+
| NVIDIA-SMI 580.126.20             Driver Version: 580.126.20     CUDA Version: 13.0     |
+-----------------------------------------+------------------------+----------------------+
| GPU  Name                 Persistence-M | Bus-Id          Disp.A | Volatile Uncorr. ECC |
| Fan  Temp   Perf          Pwr:Usage/Cap |           Memory-Usage | GPU-Util  Compute M. |
|                                         |                        |               MIG M. |
|=========================================+========================+======================|
|   0  Tesla V100-SXM2-16GB           On  |   00000000:06:00.0 Off |                    0 |
| N/A   31C    P0             44W /  300W |       0MiB /  16384MiB |      0%      Default |
|                                         |                        |                  N/A |
+-----------------------------------------+------------------------+----------------------+

+-----------------------------------------------------------------------------------------+
| Processes:                                                                              |
|  GPU   GI   CI              PID   Type   Process name                        GPU Memory |
|        ID   ID                                                               Usage      |
|=========================================================================================|
|  No running processes found                                                             |
+-----------------------------------------------------------------------------------------+
{"num_generated": 57, "output_dir": "/scratch/work/yangs9/ChatTS/outputs/generated/gpt2_5class_v2_hand"}
