{
  "source_preprocessed_dir": "/scratch/work/yangs9/ChatTS/artifacts/pamap2_baseline_protocol_5act",
  "output_dir": "/scratch/work/yangs9/ChatTS/artifacts/pamap2_sdforger_dataset",
  "split_strategy": "subject",
  "embedding": {
    "method": "fastica",
    "n_components_per_channel": {
      "hand_acc_16g_x": 3,
      "hand_acc_16g_y": 3,
      "hand_acc_16g_z": 3,
      "hand_gyro_x": 3,
      "hand_gyro_y": 3,
      "hand_gyro_z": 3,
      "chest_acc_16g_x": 3,
      "chest_acc_16g_y": 3,
      "chest_acc_16g_z": 3,
      "chest_gyro_x": 3,
      "chest_gyro_y": 3,
      "chest_gyro_z": 3,
      "ankle_acc_16g_x": 3,
      "ankle_acc_16g_y": 3,
      "ankle_acc_16g_z": 3,
      "ankle_gyro_x": 3,
      "ankle_gyro_y": 3,
      "ankle_gyro_z": 3
    },
    "window_size": 256,
    "channel_names": [
      "hand_acc_16g_x",
      "hand_acc_16g_y",
      "hand_acc_16g_z",
      "hand_gyro_x",
      "hand_gyro_y",
      "hand_gyro_z",
      "chest_acc_16g_x",
      "chest_acc_16g_y",
      "chest_acc_16g_z",
      "chest_gyro_x",
      "chest_gyro_y",
      "chest_gyro_z",
      "ankle_acc_16g_x",
      "ankle_acc_16g_y",
      "ankle_acc_16g_z",
      "ankle_gyro_x",
      "ankle_gyro_y",
      "ankle_gyro_z"
    ]
  },
  "channel_schema": {
    "selected_channels": [
      "hand_acc_16g_x",
      "hand_acc_16g_y",
      "hand_acc_16g_z",
      "hand_gyro_x",
      "hand_gyro_y",
      "hand_gyro_z",
      "chest_acc_16g_x",
      "chest_acc_16g_y",
      "chest_acc_16g_z",
      "chest_gyro_x",
      "chest_gyro_y",
      "chest_gyro_z",
      "ankle_acc_16g_x",
      "ankle_acc_16g_y",
      "ankle_acc_16g_z",
      "ankle_gyro_x",
      "ankle_gyro_y",
      "ankle_gyro_z"
    ],
    "num_channels": 18,
    "window_size": 256
  },
  "splits": {
    "train": {
      "num_windows": 4411,
      "subjects": [
        101,
        102,
        103,
        104,
        105,
        106
      ],
      "activities": [
        "cycling",
        "running",
        "sitting",
        "standing",
        "walking"
      ]
    },
    "val": {
      "num_windows": 649,
      "subjects": [
        107
      ],
      "activities": [
        "cycling",
        "running",
        "sitting",
        "standing",
        "walking"
      ]
    },
    "test": {
      "num_windows": 857,
      "subjects": [
        108
      ],
      "activities": [
        "cycling",
        "running",
        "sitting",
        "standing",
        "walking"
      ]
    }
  }
}
